2026-04-07 15:34:44,957 P1739799 INFO FuxiCTR version: 2.3.9
2026-04-07 15:34:44,958 P1739799 INFO Params: {
    "attention_dropout": "0",
    "attention_hidden_activations": "Dice",
    "attention_hidden_units": "[64]",
    "attention_output_activation": "None",
    "batch_norm": "True",
    "batch_size": "4096",
    "data_format": "csv",
    "data_root": "/home/dasgua3/GCIC/Baselines/data/processed/",
    "dataset_id": "kuairand_1k",
    "debug": "False",
    "din_sequence_field": "['hist_video_ids']",
    "din_target_field": "['video_id']",
    "din_use_softmax": "False",
    "dnn_activations": "ReLU",
    "dnn_hidden_units": "[512, 256, 128]",
    "embedding_dim": "16",
    "embedding_regularizer": "1e-06",
    "epochs": "20",
    "every_x_epochs": "1",
    "feature_cols": "[{'name': 'user_id', 'active': True, 'dtype': 'str', 'type': 'categorical'}, {'name': 'user_active_degree', 'active': True, 'dtype': 'str', 'type': 'categorical'}, {'name': 'follow_user_num_range', 'active': True, 'dtype': 'str', 'type': 'categorical'}, {'name': 'fans_user_num_range', 'active': True, 'dtype': 'str', 'type': 'categorical'}, {'name': 'friend_user_num_range', 'active': True, 'dtype': 'str', 'type': 'categorical'}, {'name': 'register_days_range', 'active': True, 'dtype': 'str', 'type': 'categorical'}, {'name': 'video_id', 'active': True, 'dtype': 'str', 'type': 'categorical'}, {'name': 'author_id', 'active': True, 'dtype': 'str', 'type': 'categorical'}, {'name': 'music_id', 'active': True, 'dtype': 'str', 'type': 'categorical'}, {'name': 'upload_type', 'active': True, 'dtype': 'str', 'type': 'categorical'}, {'name': 'duration_ms', 'active': True, 'dtype': 'float', 'type': 'numeric', 'normalizer': 'MinMaxScaler'}, {'name': 'timestamp_norm', 'active': True, 'dtype': 'float', 'type': 'numeric'}, {'name': 'hist_video_ids', 'active': True, 'dtype': 'str', 'type': 'sequence', 'splitter': ' ', 'max_len': 50, 'padding': 'pre', 'feature_encoder': None, 'share_embedding': 'video_id'}]",
    "gpu": "0",
    "label_col": "{'name': 'is_click', 'dtype': 'float'}",
    "learning_rate": "0.001",
    "loss": "binary_crossentropy",
    "metrics": "['logloss', 'AUC']",
    "min_categr_count": "2",
    "model": "DIN",
    "model_id": "DIN_kuairand_1k",
    "model_root": "../../checkpoints/",
    "monitor": "AUC",
    "monitor_mode": "max",
    "net_dropout": "0.1",
    "net_regularizer": "0",
    "optimizer": "adam",
    "partition_block_size": "-1",
    "patience": "3",
    "pickle_feature_encoder": "True",
    "save_best_only": "True",
    "seed": "2024",
    "shuffle": "True",
    "task": "binary_classification",
    "test_data": "/home/dasgua3/GCIC/Baselines/data/processed/kuairand_1k/test.csv",
    "train_data": "/home/dasgua3/GCIC/Baselines/data/processed/kuairand_1k/train.csv",
    "use_hdf5": "True",
    "valid_data": "/home/dasgua3/GCIC/Baselines/data/processed/kuairand_1k/valid.csv",
    "verbose": "1",
    "workers": "4"
}
2026-04-07 15:34:44,961 P1739799 INFO Set up feature processor...
2026-04-07 15:34:44,962 P1739799 WARNING Skip rebuilding /home/dasgua3/GCIC/Baselines/data/processed/kuairand_1k/feature_map.json. Please delete it manually if rebuilding is required.
2026-04-07 15:34:44,962 P1739799 INFO Load feature_map from json: /home/dasgua3/GCIC/Baselines/data/processed/kuairand_1k/feature_map.json
2026-04-07 15:34:44,963 P1739799 INFO Set column index...
2026-04-07 15:34:44,963 P1739799 INFO Feature specs: {
    "author_id": "{'source': '', 'type': 'categorical', 'padding_idx': 0, 'vocab_size': 348385}",
    "duration_ms": "{'source': '', 'type': 'numeric'}",
    "fans_user_num_range": "{'source': '', 'type': 'categorical', 'padding_idx': 0, 'vocab_size': 10}",
    "follow_user_num_range": "{'source': '', 'type': 'categorical', 'padding_idx': 0, 'vocab_size': 10}",
    "friend_user_num_range": "{'source': '', 'type': 'categorical', 'padding_idx': 0, 'vocab_size': 9}",
    "hist_video_ids": "{'source': '', 'type': 'sequence', 'share_embedding': 'video_id', 'padding_idx': 0, 'max_len': 50, 'vocab_size': 1798007}",
    "music_id": "{'source': '', 'type': 'categorical', 'padding_idx': 0, 'vocab_size': 442229}",
    "register_days_range": "{'source': '', 'type': 'categorical', 'padding_idx': 0, 'vocab_size': 9}",
    "timestamp_norm": "{'source': '', 'type': 'numeric'}",
    "upload_type": "{'source': '', 'type': 'categorical', 'padding_idx': 0, 'vocab_size': 30}",
    "user_active_degree": "{'source': '', 'type': 'categorical', 'padding_idx': 0, 'vocab_size': 9}",
    "user_id": "{'source': '', 'type': 'categorical', 'padding_idx': 0, 'vocab_size': 813}",
    "video_id": "{'source': '', 'type': 'categorical', 'padding_idx': 0, 'vocab_size': 1798007}"
}
2026-04-07 15:34:47,380 P1739799 INFO Total number of parameters: 41709650.
2026-04-07 15:34:47,381 P1739799 INFO Loading datasets...
2026-04-07 15:34:52,908 P1739799 INFO Train samples: total/4044000, blocks/1
2026-04-07 15:34:53,558 P1739799 INFO Validation samples: total/505500, blocks/1
2026-04-07 15:34:53,559 P1739799 INFO Loading train and validation data done.
2026-04-07 15:34:53,559 P1739799 INFO Start training: 988 batches/epoch
2026-04-07 15:34:53,559 P1739799 INFO ************ Epoch=1 start ************
2026-04-07 15:35:18,340 P1739799 INFO Train loss: 0.552260
2026-04-07 15:35:18,340 P1739799 INFO Evaluation @epoch 1 - batch 988: 
2026-04-07 15:35:20,577 P1739799 INFO [Metrics] AUC: 0.709865
2026-04-07 15:35:20,578 P1739799 INFO Save best model: monitor(max)=0.709865
2026-04-07 15:35:21,395 P1739799 INFO ************ Epoch=1 end ************
2026-04-07 15:35:43,039 P1739799 INFO Train loss: 0.448376
2026-04-07 15:35:43,040 P1739799 INFO Evaluation @epoch 2 - batch 988: 
2026-04-07 15:35:46,201 P1739799 INFO [Metrics] AUC: 0.637406
2026-04-07 15:35:46,202 P1739799 INFO Monitor(max)=0.637406 STOP!
2026-04-07 15:35:46,203 P1739799 INFO Reduce learning rate on plateau: 0.000100
2026-04-07 15:35:46,310 P1739799 INFO ************ Epoch=2 end ************
2026-04-07 15:36:09,025 P1739799 INFO Train loss: 0.257815
2026-04-07 15:36:09,025 P1739799 INFO Evaluation @epoch 3 - batch 988: 
2026-04-07 15:36:11,574 P1739799 INFO [Metrics] AUC: 0.599038
2026-04-07 15:36:11,574 P1739799 INFO Monitor(max)=0.599038 STOP!
2026-04-07 15:36:11,575 P1739799 INFO Reduce learning rate on plateau: 0.000010
2026-04-07 15:36:11,575 P1739799 INFO ********* Epoch=3 early stop *********
2026-04-07 15:36:11,625 P1739799 INFO Training finished.
2026-04-07 15:36:11,625 P1739799 INFO Load best model: /home/dasgua3/GCIC/Baselines/FuxiCTR/checkpoints/kuairand_1k/DIN_kuairand_1k.model
2026-04-07 15:36:11,696 P1739799 INFO ****** Validation evaluation ******
2026-04-07 15:36:14,215 P1739799 INFO [Metrics] logloss: 0.576998 - AUC: 0.709865
2026-04-07 15:36:14,412 P1739799 INFO ******** Test evaluation ********
2026-04-07 15:36:14,412 P1739799 INFO Loading datasets...
2026-04-07 15:36:15,138 P1739799 INFO Test samples: total/505501, blocks/1
2026-04-07 15:36:15,139 P1739799 INFO Loading test data done.
2026-04-07 15:36:18,274 P1739799 INFO [Metrics] logloss: 0.600003 - AUC: 0.690266
